Archive member included because of file (symbol)

c:/winavr-20100110/bin/../lib/gcc/avr/4.3.3/avr5\libgcc.a(_exit.o)
                              c:/winavr-20100110/bin/../lib/gcc/avr/4.3.3/../../../../avr/lib/avr5/crtm32.o (exit)
c:/winavr-20100110/bin/../lib/gcc/avr/4.3.3/avr5\libgcc.a(_copy_data.o)
                              ./OS_cfg.o (__do_copy_data)
c:/winavr-20100110/bin/../lib/gcc/avr/4.3.3/avr5\libgcc.a(_clear_bss.o)
                              ./OS.o (__do_clear_bss)

Allocating common symbols
Common symbol       size              file

Str_Array_Tasks     0x50              ./OS.o

Memory Configuration

Name             Origin             Length             Attributes
text             0x00000000         0x00020000         xr
data             0x00800060         0x0000ffa0         rw !x
eeprom           0x00810000         0x00010000         rw !x
fuse             0x00820000         0x00000400         rw !x
lock             0x00830000         0x00000400         rw !x
signature        0x00840000         0x00000400         rw !x
*default*        0x00000000         0xffffffff

Linker script and memory map

LOAD c:/winavr-20100110/bin/../lib/gcc/avr/4.3.3/../../../../avr/lib/avr5/crtm32.o
LOAD ./DIO_operations.o
LOAD ./OS.o
LOAD ./OS_cfg.o
LOAD ./Timer0_function.o
LOAD ./main.o
LOAD c:/winavr-20100110/bin/../lib/gcc/avr/4.3.3/avr5\libgcc.a
LOAD c:/winavr-20100110/bin/../lib/gcc/avr/4.3.3/../../../../avr/lib/avr5\libc.a
LOAD c:/winavr-20100110/bin/../lib/gcc/avr/4.3.3/avr5\libgcc.a

.hash
 *(.hash)

.dynsym
 *(.dynsym)

.dynstr
 *(.dynstr)

.gnu.version
 *(.gnu.version)

.gnu.version_d
 *(.gnu.version_d)

.gnu.version_r
 *(.gnu.version_r)

.rel.init
 *(.rel.init)

.rela.init
 *(.rela.init)

.rel.text
 *(.rel.text)
 *(.rel.text.*)
 *(.rel.gnu.linkonce.t*)

.rela.text
 *(.rela.text)
 *(.rela.text.*)
 *(.rela.gnu.linkonce.t*)

.rel.fini
 *(.rel.fini)

.rela.fini
 *(.rela.fini)

.rel.rodata
 *(.rel.rodata)
 *(.rel.rodata.*)
 *(.rel.gnu.linkonce.r*)

.rela.rodata
 *(.rela.rodata)
 *(.rela.rodata.*)
 *(.rela.gnu.linkonce.r*)

.rel.data
 *(.rel.data)
 *(.rel.data.*)
 *(.rel.gnu.linkonce.d*)

.rela.data
 *(.rela.data)
 *(.rela.data.*)
 *(.rela.gnu.linkonce.d*)

.rel.ctors
 *(.rel.ctors)

.rela.ctors
 *(.rela.ctors)

.rel.dtors
 *(.rel.dtors)

.rela.dtors
 *(.rela.dtors)

.rel.got
 *(.rel.got)

.rela.got
 *(.rela.got)

.rel.bss
 *(.rel.bss)

.rela.bss
 *(.rela.bss)

.rel.plt
 *(.rel.plt)

.rela.plt
 *(.rela.plt)

.text           0x00000000      0xd3e
 *(.vectors)
 .vectors       0x00000000       0x54 c:/winavr-20100110/bin/../lib/gcc/avr/4.3.3/../../../../avr/lib/avr5/crtm32.o
                0x00000000                __vectors
                0x00000000                __vector_default
 *(.vectors)
 *(.progmem.gcc*)
 *(.progmem*)
                0x00000054                . = ALIGN (0x2)
                0x00000054                __trampolines_start = .
 *(.trampolines)
 .trampolines   0x00000054        0x0 linker stubs
 *(.trampolines*)
                0x00000054                __trampolines_end = .
 *(.jumptables)
 *(.jumptables*)
 *(.lowtext)
 *(.lowtext*)
                0x00000054                __ctors_start = .
 *(.ctors)
                0x00000054                __ctors_end = .
                0x00000054                __dtors_start = .
 *(.dtors)
                0x00000054                __dtors_end = .
 SORT(*)(.ctors)
 SORT(*)(.dtors)
 *(.init0)
 .init0         0x00000054        0x0 c:/winavr-20100110/bin/../lib/gcc/avr/4.3.3/../../../../avr/lib/avr5/crtm32.o
                0x00000054                __init
 *(.init0)
 *(.init1)
 *(.init1)
 *(.init2)
 .init2         0x00000054        0xc c:/winavr-20100110/bin/../lib/gcc/avr/4.3.3/../../../../avr/lib/avr5/crtm32.o
 *(.init2)
 *(.init3)
 *(.init3)
 *(.init4)
 .init4         0x00000060       0x16 c:/winavr-20100110/bin/../lib/gcc/avr/4.3.3/avr5\libgcc.a(_copy_data.o)
                0x00000060                __do_copy_data
 .init4         0x00000076       0x10 c:/winavr-20100110/bin/../lib/gcc/avr/4.3.3/avr5\libgcc.a(_clear_bss.o)
                0x00000076                __do_clear_bss
 *(.init4)
 *(.init5)
 *(.init5)
 *(.init6)
 *(.init6)
 *(.init7)
 *(.init7)
 *(.init8)
 *(.init8)
 *(.init9)
 .init9         0x00000086        0x8 c:/winavr-20100110/bin/../lib/gcc/avr/4.3.3/../../../../avr/lib/avr5/crtm32.o
 *(.init9)
 *(.text)
 .text          0x0000008e        0x4 c:/winavr-20100110/bin/../lib/gcc/avr/4.3.3/../../../../avr/lib/avr5/crtm32.o
                0x0000008e                __vector_1
                0x0000008e                __vector_12
                0x0000008e                __bad_interrupt
                0x0000008e                __vector_6
                0x0000008e                __vector_3
                0x0000008e                __vector_11
                0x0000008e                __vector_13
                0x0000008e                __vector_17
                0x0000008e                __vector_19
                0x0000008e                __vector_7
                0x0000008e                __vector_5
                0x0000008e                __vector_4
                0x0000008e                __vector_9
                0x0000008e                __vector_2
                0x0000008e                __vector_15
                0x0000008e                __vector_8
                0x0000008e                __vector_14
                0x0000008e                __vector_16
                0x0000008e                __vector_18
                0x0000008e                __vector_20
 .text          0x00000092        0x0 ./DIO_operations.o
 .text          0x00000092        0x0 ./OS.o
 .text          0x00000092        0x0 ./OS_cfg.o
 .text          0x00000092        0x0 ./Timer0_function.o
 .text          0x00000092        0x0 ./main.o
 .text          0x00000092        0x0 c:/winavr-20100110/bin/../lib/gcc/avr/4.3.3/avr5\libgcc.a(_exit.o)
 .text          0x00000092        0x0 c:/winavr-20100110/bin/../lib/gcc/avr/4.3.3/avr5\libgcc.a(_copy_data.o)
 .text          0x00000092        0x0 c:/winavr-20100110/bin/../lib/gcc/avr/4.3.3/avr5\libgcc.a(_clear_bss.o)
                0x00000092                . = ALIGN (0x2)
 *(.text.*)
 .text.DIO_WritePin
                0x00000092      0x1ea ./DIO_operations.o
                0x00000092                DIO_WritePin
 .text.DIO_ReadPin
                0x0000027c       0xe2 ./DIO_operations.o
                0x0000027c                DIO_ReadPin
 .text.DIO_SetPinDirection
                0x0000035e      0x1ea ./DIO_operations.o
                0x0000035e                DIO_SetPinDirection
 .text.OS_init  0x00000548       0xaa ./OS.o
                0x00000548                OS_init
 .text.Create_Task
                0x000005f2       0xf6 ./OS.o
                0x000005f2                Create_Task
 .text.Delete_Task
                0x000006e8       0xf0 ./OS.o
                0x000006e8                Delete_Task
 .text.OS_Run   0x000007d8       0xb0 ./OS.o
                0x000007d8                OS_Run
 .text.OS_Long_Term
                0x00000888      0x128 ./OS.o
                0x00000888                OS_Long_Term
 .text.__vector_10
                0x000009b0       0x66 ./Timer0_function.o
                0x000009b0                __vector_10
 .text.timer0_init
                0x00000a16       0x36 ./Timer0_function.o
                0x00000a16                timer0_init
 .text.Set_OCR_Value
                0x00000a4c       0xda ./Timer0_function.o
                0x00000a4c                Set_OCR_Value
 .text.timer0_Deinit
                0x00000b26       0x38 ./Timer0_function.o
                0x00000b26                timer0_Deinit
 .text.global_interrupt_enable
                0x00000b5e       0x1c ./Timer0_function.o
                0x00000b5e                global_interrupt_enable
 .text.global_interrupt_disable
                0x00000b7a       0x1c ./Timer0_function.o
                0x00000b7a                global_interrupt_disable
 .text.timer_delay
                0x00000b96       0x8e ./Timer0_function.o
                0x00000b96                timer_delay
 .text.OS_SetCallBack
                0x00000c24       0x24 ./Timer0_function.o
                0x00000c24                OS_SetCallBack
 .text.Task1    0x00000c48       0x1e ./main.o
                0x00000c48                Task1
 .text.Task2    0x00000c66       0x1e ./main.o
                0x00000c66                Task2
 .text.Task3    0x00000c84       0x1e ./main.o
                0x00000c84                Task3
 .text.main     0x00000ca2       0x98 ./main.o
                0x00000ca2                main
 .text.libgcc   0x00000d3a        0x0 c:/winavr-20100110/bin/../lib/gcc/avr/4.3.3/avr5\libgcc.a(_exit.o)
 .text.libgcc   0x00000d3a        0x0 c:/winavr-20100110/bin/../lib/gcc/avr/4.3.3/avr5\libgcc.a(_copy_data.o)
 .text.libgcc   0x00000d3a        0x0 c:/winavr-20100110/bin/../lib/gcc/avr/4.3.3/avr5\libgcc.a(_clear_bss.o)
                0x00000d3a                . = ALIGN (0x2)
 *(.fini9)
 .fini9         0x00000d3a        0x0 c:/winavr-20100110/bin/../lib/gcc/avr/4.3.3/avr5\libgcc.a(_exit.o)
                0x00000d3a                exit
                0x00000d3a                _exit
 *(.fini9)
 *(.fini8)
 *(.fini8)
 *(.fini7)
 *(.fini7)
 *(.fini6)
 *(.fini6)
 *(.fini5)
 *(.fini5)
 *(.fini4)
 *(.fini4)
 *(.fini3)
 *(.fini3)
 *(.fini2)
 *(.fini2)
 *(.fini1)
 *(.fini1)
 *(.fini0)
 .fini0         0x00000d3a        0x4 c:/winavr-20100110/bin/../lib/gcc/avr/4.3.3/avr5\libgcc.a(_exit.o)
 *(.fini0)
                0x00000d3e                _etext = .

.data           0x00800060        0x2 load address 0x00000d3e
                0x00800060                PROVIDE (__data_start, .)
 *(.data)
 .data          0x00800060        0x0 c:/winavr-20100110/bin/../lib/gcc/avr/4.3.3/../../../../avr/lib/avr5/crtm32.o
 .data          0x00800060        0x0 ./DIO_operations.o
 .data          0x00800060        0x0 ./OS.o
 .data          0x00800060        0x0 ./OS_cfg.o
 .data          0x00800060        0x0 ./Timer0_function.o
 .data          0x00800060        0x0 ./main.o
 .data          0x00800060        0x0 c:/winavr-20100110/bin/../lib/gcc/avr/4.3.3/avr5\libgcc.a(_exit.o)
 .data          0x00800060        0x0 c:/winavr-20100110/bin/../lib/gcc/avr/4.3.3/avr5\libgcc.a(_copy_data.o)
 .data          0x00800060        0x0 c:/winavr-20100110/bin/../lib/gcc/avr/4.3.3/avr5\libgcc.a(_clear_bss.o)
 *(.data*)
 .data.OS_TickTIme_ms
                0x00800060        0x1 ./OS_cfg.o
                0x00800060                OS_TickTIme_ms
 *(.rodata)
 *(.rodata*)
 *(.gnu.linkonce.d*)
                0x00800062                . = ALIGN (0x2)
 *fill*         0x00800061        0x1 00
                0x00800062                _edata = .
                0x00800062                PROVIDE (__data_end, .)

.bss            0x00800062       0x56
                0x00800062                PROVIDE (__bss_start, .)
 *(.bss)
 .bss           0x00800062        0x0 c:/winavr-20100110/bin/../lib/gcc/avr/4.3.3/../../../../avr/lib/avr5/crtm32.o
 .bss           0x00800062        0x0 ./DIO_operations.o
 .bss           0x00800062        0x0 ./OS.o
 .bss           0x00800062        0x0 ./OS_cfg.o
 .bss           0x00800062        0x0 ./Timer0_function.o
 .bss           0x00800062        0x0 ./main.o
 .bss           0x00800062        0x0 c:/winavr-20100110/bin/../lib/gcc/avr/4.3.3/avr5\libgcc.a(_exit.o)
 .bss           0x00800062        0x0 c:/winavr-20100110/bin/../lib/gcc/avr/4.3.3/avr5\libgcc.a(_copy_data.o)
 .bss           0x00800062        0x0 c:/winavr-20100110/bin/../lib/gcc/avr/4.3.3/avr5\libgcc.a(_clear_bss.o)
 *(.bss*)
 .bss.u8_Tasks_Index
                0x00800062        0x1 ./OS.o
 .bss.u8_MAX_Priority
                0x00800063        0x1 ./OS.o
 .bss.OS_TickCounter
                0x00800064        0x2 ./OS.o
 .bss.OS_CallBackPtr_g
                0x00800066        0x2 ./Timer0_function.o
 *(COMMON)
 COMMON         0x00800068       0x50 ./OS.o
                0x00800068                Str_Array_Tasks
                0x008000b8                PROVIDE (__bss_end, .)
                0x00000d3e                __data_load_start = LOADADDR (.data)
                0x00000d40                __data_load_end = (__data_load_start + SIZEOF (.data))

.noinit         0x008000b8        0x0
                0x008000b8                PROVIDE (__noinit_start, .)
 *(.noinit*)
                0x008000b8                PROVIDE (__noinit_end, .)
                0x008000b8                _end = .
                0x008000b8                PROVIDE (__heap_start, .)

.eeprom         0x00810000        0x0
 *(.eeprom*)
                0x00810000                __eeprom_end = .

.fuse
 *(.fuse)
 *(.lfuse)
 *(.hfuse)
 *(.efuse)

.lock
 *(.lock*)

.signature
 *(.signature*)

.stab           0x00000000     0x1314
 *(.stab)
 .stab          0x00000000      0x45c ./DIO_operations.o
 .stab          0x0000045c      0x5a0 ./OS.o
                                0x618 (size before relaxing)
 .stab          0x000009fc      0x108 ./OS_cfg.o
                                0x180 (size before relaxing)
 .stab          0x00000b04      0x5ac ./Timer0_function.o
                                0x654 (size before relaxing)
 .stab          0x000010b0      0x264 ./main.o
                                0x360 (size before relaxing)

.stabstr        0x00000000      0xe0c
 *(.stabstr)
 .stabstr       0x00000000      0xe0c ./DIO_operations.o

.stab.excl
 *(.stab.excl)

.stab.exclstr
 *(.stab.exclstr)

.stab.index
 *(.stab.index)

.stab.indexstr
 *(.stab.indexstr)

.comment
 *(.comment)

.debug
 *(.debug)

.line
 *(.line)

.debug_srcinfo
 *(.debug_srcinfo)

.debug_sfnames
 *(.debug_sfnames)

.debug_aranges
 *(.debug_aranges)

.debug_pubnames
 *(.debug_pubnames)

.debug_info
 *(.debug_info)
 *(.gnu.linkonce.wi.*)

.debug_abbrev
 *(.debug_abbrev)

.debug_line
 *(.debug_line)

.debug_frame
 *(.debug_frame)

.debug_str
 *(.debug_str)

.debug_loc
 *(.debug_loc)

.debug_macinfo
 *(.debug_macinfo)
OUTPUT(OSv2.elf elf32-avr)
LOAD linker stubs
